// Jest Snapshot v1, https://goo.gl/fbAQLP

exports[`Renders correctly 1`] = `
<nav
  className="navBar"
>
  <p
    className="websiteTitle"
  >
    Math Magician
  </p>
  <ul
    className="navBarList"
  >
    <li>
      <a
        href="/"
      >
        Home
      </a>
    </li>
    <li>
      <a
        href="/calc"
      >
        Calculator
      </a>
    </li>
    <li>
      <a
        href="/quote"
      >
        Quote
      </a>
    </li>
  </ul>
</nav>
`;
